2025-09-11 14:09:17,581 - INFO - context_portal_mcp.main - File logging configured to: /Users/darrenraines/👽/ROO/PortfolioRoo/context_portal/./logs/conport.log
2025-09-11 14:09:17,581 - INFO - context_portal_mcp.core.config - Database filename set to: context.db
2025-09-11 14:09:17,581 - INFO - context_portal_mcp.main - Using database filename: context.db
2025-09-11 14:09:17,581 - INFO - context_portal_mcp.main - Parsed CLI args: Namespace(host='127.0.0.1', port=8000, workspace_id='/Users/darrenraines/👽/ROO/PortfolioRoo', auto_detect_workspace=True, workspace_search_start=None, no_auto_detect=False, mode='stdio', log_file='./logs/conport.log', db_path=None, base_path=None, db_filename='context.db', log_level='INFO')
2025-09-11 14:09:17,581 - INFO - context_portal_mcp.main - Starting ConPort in STDIO mode with workspace detection enabled
2025-09-11 14:09:17,582 - INFO - context_portal_mcp.core.workspace_detector - Workspace detected by strong indicators: /Users/darrenraines/👽/ROO/PortfolioRoo
2025-09-11 14:09:17,582 - INFO - context_portal_mcp.main - Workspace detection details: {'start_path': '/Users/darrenraines/👽/ROO/PortfolioRoo', 'detected_workspace': '/Users/darrenraines/👽/ROO/PortfolioRoo', 'context_portal_path': '/Users/darrenraines/👽/ROO/PortfolioRoo/context_portal', 'detection_method': 'strong_indicators', 'indicators_found': ['.git'], 'environment_variables': {'VSCODE_WORKSPACE_FOLDER': None, 'CONPORT_WORKSPACE': None, 'PWD': '/Users/darrenraines/👽/ROO/PortfolioRoo', 'CWD': '/Users/darrenraines/👽/ROO/PortfolioRoo'}}
2025-09-11 14:09:17,582 - INFO - context_portal_mcp.main - Effective workspace ID: /Users/darrenraines/👽/ROO/PortfolioRoo
2025-09-11 14:09:17,582 - INFO - context_portal_mcp.main - Pre-warming database connection for workspace: /Users/darrenraines/👽/ROO/PortfolioRoo
2025-09-11 14:09:17,582 - INFO - context_portal_mcp.db.database - Alembic.ini not found. Creating at /Users/darrenraines/👽/ROO/PortfolioRoo/context_portal/alembic.ini
2025-09-11 14:09:17,582 - INFO - context_portal_mcp.db.database - Alembic env.py not found. Creating at /Users/darrenraines/👽/ROO/PortfolioRoo/context_portal/alembic/env.py
2025-09-11 14:09:17,582 - INFO - context_portal_mcp.db.database - Initial schema not found. Creating at /Users/darrenraines/👽/ROO/PortfolioRoo/context_portal/alembic/versions/2025_06_17_initial_schema.py
2025-09-11 14:09:17,583 - INFO - context_portal_mcp.db.database - Alembic: Script directory /Users/darrenraines/👽/ROO/PortfolioRoo/context_portal/alembic confirmed to exist by Python.
2025-09-11 14:09:17,583 - INFO - context_portal_mcp.db.database - Running Alembic migrations for database: /Users/darrenraines/👽/ROO/PortfolioRoo/context_portal/context.db
2025-09-11 15:33:19,091 - INFO - context_portal_mcp.main - File logging configured to: /Users/darrenraines/👽/ROO/PortfolioRoo/context_portal/./logs/conport.log
2025-09-11 15:33:19,091 - INFO - context_portal_mcp.core.config - Database filename set to: context.db
2025-09-11 15:33:19,091 - INFO - context_portal_mcp.main - Using database filename: context.db
2025-09-11 15:33:19,091 - INFO - context_portal_mcp.main - Parsed CLI args: Namespace(host='127.0.0.1', port=8000, workspace_id='/Users/darrenraines/👽/ROO/PortfolioRoo', auto_detect_workspace=True, workspace_search_start=None, no_auto_detect=False, mode='stdio', log_file='./logs/conport.log', db_path=None, base_path=None, db_filename='context.db', log_level='INFO')
2025-09-11 15:33:19,091 - INFO - context_portal_mcp.main - Starting ConPort in STDIO mode with workspace detection enabled
2025-09-11 15:33:19,091 - INFO - context_portal_mcp.core.workspace_detector - Workspace detected by strong indicators: /Users/darrenraines/👽/ROO/PortfolioRoo
2025-09-11 15:33:19,091 - INFO - context_portal_mcp.main - Workspace detection details: {'start_path': '/Users/darrenraines/👽/ROO/PortfolioRoo', 'detected_workspace': '/Users/darrenraines/👽/ROO/PortfolioRoo', 'context_portal_path': '/Users/darrenraines/👽/ROO/PortfolioRoo/context_portal', 'detection_method': 'strong_indicators', 'indicators_found': ['.git'], 'environment_variables': {'VSCODE_WORKSPACE_FOLDER': None, 'CONPORT_WORKSPACE': None, 'PWD': '/Users/darrenraines/👽/ROO/PortfolioRoo', 'CWD': '/Users/darrenraines/👽/ROO/PortfolioRoo'}}
2025-09-11 15:33:19,092 - INFO - context_portal_mcp.main - Effective workspace ID: /Users/darrenraines/👽/ROO/PortfolioRoo
2025-09-11 15:33:19,092 - INFO - context_portal_mcp.main - Pre-warming database connection for workspace: /Users/darrenraines/👽/ROO/PortfolioRoo
2025-09-11 15:33:19,092 - INFO - context_portal_mcp.db.database - Alembic: Script directory /Users/darrenraines/👽/ROO/PortfolioRoo/context_portal/alembic confirmed to exist by Python.
2025-09-11 15:33:19,092 - INFO - context_portal_mcp.db.database - Running Alembic migrations for database: /Users/darrenraines/👽/ROO/PortfolioRoo/context_portal/context.db
2025-09-11 15:34:02,948 - INFO - context_portal_mcp.main - File logging configured to: /Users/darrenraines/👽/ROO/PortfolioRoo/context_portal/./logs/conport.log
2025-09-11 15:34:02,948 - INFO - context_portal_mcp.core.config - Database filename set to: context.db
2025-09-11 15:34:02,948 - INFO - context_portal_mcp.main - Using database filename: context.db
2025-09-11 15:34:02,948 - INFO - context_portal_mcp.main - Parsed CLI args: Namespace(host='127.0.0.1', port=8000, workspace_id='/Users/darrenraines/👽/ROO/PortfolioRoo', auto_detect_workspace=True, workspace_search_start=None, no_auto_detect=False, mode='stdio', log_file='./logs/conport.log', db_path=None, base_path=None, db_filename='context.db', log_level='INFO')
2025-09-11 15:34:02,948 - INFO - context_portal_mcp.main - Starting ConPort in STDIO mode with workspace detection enabled
2025-09-11 15:34:02,948 - INFO - context_portal_mcp.core.workspace_detector - Workspace detected by strong indicators: /Users/darrenraines/👽/ROO/PortfolioRoo
2025-09-11 15:34:02,948 - INFO - context_portal_mcp.main - Workspace detection details: {'start_path': '/Users/darrenraines/👽/ROO/PortfolioRoo', 'detected_workspace': '/Users/darrenraines/👽/ROO/PortfolioRoo', 'context_portal_path': '/Users/darrenraines/👽/ROO/PortfolioRoo/context_portal', 'detection_method': 'strong_indicators', 'indicators_found': ['.git'], 'environment_variables': {'VSCODE_WORKSPACE_FOLDER': None, 'CONPORT_WORKSPACE': None, 'PWD': '/Users/darrenraines/👽/ROO/PortfolioRoo', 'CWD': '/Users/darrenraines/👽/ROO/PortfolioRoo'}}
2025-09-11 15:34:02,948 - INFO - context_portal_mcp.main - Effective workspace ID: /Users/darrenraines/👽/ROO/PortfolioRoo
2025-09-11 15:34:02,948 - INFO - context_portal_mcp.main - Pre-warming database connection for workspace: /Users/darrenraines/👽/ROO/PortfolioRoo
2025-09-11 15:34:02,949 - INFO - context_portal_mcp.db.database - Alembic: Script directory /Users/darrenraines/👽/ROO/PortfolioRoo/context_portal/alembic confirmed to exist by Python.
2025-09-11 15:34:02,949 - INFO - context_portal_mcp.db.database - Running Alembic migrations for database: /Users/darrenraines/👽/ROO/PortfolioRoo/context_portal/context.db
2025-09-13 11:45:04,952 - INFO - context_portal_mcp.main - File logging configured to: /Users/darrenraines/👽/ROO/PortfolioRoo/context_portal/./logs/conport.log
2025-09-13 11:45:04,952 - INFO - context_portal_mcp.core.config - Database filename set to: context.db
2025-09-13 11:45:04,952 - INFO - context_portal_mcp.main - Using database filename: context.db
2025-09-13 11:45:04,952 - INFO - context_portal_mcp.main - Parsed CLI args: Namespace(host='127.0.0.1', port=8000, workspace_id='/Users/darrenraines/👽/ROO/PortfolioRoo', auto_detect_workspace=True, workspace_search_start=None, no_auto_detect=False, mode='stdio', log_file='./logs/conport.log', db_path=None, base_path=None, db_filename='context.db', log_level='INFO')
2025-09-13 11:45:04,952 - INFO - context_portal_mcp.main - Starting ConPort in STDIO mode with workspace detection enabled
2025-09-13 11:45:04,953 - INFO - context_portal_mcp.core.workspace_detector - Workspace detected by strong indicators: /Users/darrenraines/👽/ROO/PortfolioRoo
2025-09-13 11:45:04,953 - INFO - context_portal_mcp.main - Workspace detection details: {'start_path': '/Users/darrenraines/👽/ROO/PortfolioRoo', 'detected_workspace': '/Users/darrenraines/👽/ROO/PortfolioRoo', 'context_portal_path': '/Users/darrenraines/👽/ROO/PortfolioRoo/context_portal', 'detection_method': 'strong_indicators', 'indicators_found': ['.git'], 'environment_variables': {'VSCODE_WORKSPACE_FOLDER': None, 'CONPORT_WORKSPACE': None, 'PWD': '/Users/darrenraines/👽/ROO/PortfolioRoo', 'CWD': '/Users/darrenraines/👽/ROO/PortfolioRoo'}}
2025-09-13 11:45:04,953 - INFO - context_portal_mcp.main - Effective workspace ID: /Users/darrenraines/👽/ROO/PortfolioRoo
2025-09-13 11:45:04,953 - INFO - context_portal_mcp.main - Pre-warming database connection for workspace: /Users/darrenraines/👽/ROO/PortfolioRoo
2025-09-13 11:45:04,955 - INFO - context_portal_mcp.db.database - Alembic: Script directory /Users/darrenraines/👽/ROO/PortfolioRoo/context_portal/alembic confirmed to exist by Python.
2025-09-13 11:45:04,955 - INFO - context_portal_mcp.db.database - Running Alembic migrations for database: /Users/darrenraines/👽/ROO/PortfolioRoo/context_portal/context.db
2025-09-13 12:08:56,130 - INFO - context_portal_mcp.main - File logging configured to: /Users/darrenraines/👽/ROO/PortfolioRoo/context_portal/./logs/conport.log
2025-09-13 12:08:56,130 - INFO - context_portal_mcp.core.config - Database filename set to: context.db
2025-09-13 12:08:56,130 - INFO - context_portal_mcp.main - Using database filename: context.db
2025-09-13 12:08:56,130 - INFO - context_portal_mcp.main - Parsed CLI args: Namespace(host='127.0.0.1', port=8000, workspace_id='/Users/darrenraines/👽/ROO/PortfolioRoo', auto_detect_workspace=True, workspace_search_start=None, no_auto_detect=False, mode='stdio', log_file='./logs/conport.log', db_path=None, base_path=None, db_filename='context.db', log_level='INFO')
2025-09-13 12:08:56,130 - INFO - context_portal_mcp.main - Starting ConPort in STDIO mode with workspace detection enabled
2025-09-13 12:08:56,130 - INFO - context_portal_mcp.core.workspace_detector - Workspace detected by strong indicators: /Users/darrenraines/👽/ROO/PortfolioRoo
2025-09-13 12:08:56,131 - INFO - context_portal_mcp.main - Workspace detection details: {'start_path': '/Users/darrenraines/👽/ROO/PortfolioRoo', 'detected_workspace': '/Users/darrenraines/👽/ROO/PortfolioRoo', 'context_portal_path': '/Users/darrenraines/👽/ROO/PortfolioRoo/context_portal', 'detection_method': 'strong_indicators', 'indicators_found': ['.git'], 'environment_variables': {'VSCODE_WORKSPACE_FOLDER': None, 'CONPORT_WORKSPACE': None, 'PWD': '/Users/darrenraines/👽/ROO/PortfolioRoo', 'CWD': '/Users/darrenraines/👽/ROO/PortfolioRoo'}}
2025-09-13 12:08:56,131 - INFO - context_portal_mcp.main - Effective workspace ID: /Users/darrenraines/👽/ROO/PortfolioRoo
2025-09-13 12:08:56,131 - INFO - context_portal_mcp.main - Pre-warming database connection for workspace: /Users/darrenraines/👽/ROO/PortfolioRoo
2025-09-13 12:08:56,131 - INFO - context_portal_mcp.db.database - Alembic: Script directory /Users/darrenraines/👽/ROO/PortfolioRoo/context_portal/alembic confirmed to exist by Python.
2025-09-13 12:08:56,131 - INFO - context_portal_mcp.db.database - Running Alembic migrations for database: /Users/darrenraines/👽/ROO/PortfolioRoo/context_portal/context.db
2025-09-13 13:28:54,795 - INFO - context_portal_mcp.main - File logging configured to: /Users/darrenraines/👽/ROO/PortfolioRoo/context_portal/./logs/conport.log
2025-09-13 13:28:54,795 - INFO - context_portal_mcp.core.config - Database filename set to: context.db
2025-09-13 13:28:54,795 - INFO - context_portal_mcp.main - Using database filename: context.db
2025-09-13 13:28:54,795 - INFO - context_portal_mcp.main - Parsed CLI args: Namespace(host='127.0.0.1', port=8000, workspace_id='/Users/darrenraines/👽/ROO/PortfolioRoo', auto_detect_workspace=True, workspace_search_start=None, no_auto_detect=False, mode='stdio', log_file='./logs/conport.log', db_path=None, base_path=None, db_filename='context.db', log_level='INFO')
2025-09-13 13:28:54,795 - INFO - context_portal_mcp.main - Starting ConPort in STDIO mode with workspace detection enabled
2025-09-13 13:28:54,795 - INFO - context_portal_mcp.core.workspace_detector - Workspace detected by strong indicators: /Users/darrenraines/👽/ROO/PortfolioRoo
2025-09-13 13:28:54,796 - INFO - context_portal_mcp.main - Workspace detection details: {'start_path': '/Users/darrenraines/👽/ROO/PortfolioRoo', 'detected_workspace': '/Users/darrenraines/👽/ROO/PortfolioRoo', 'context_portal_path': '/Users/darrenraines/👽/ROO/PortfolioRoo/context_portal', 'detection_method': 'strong_indicators', 'indicators_found': ['.git'], 'environment_variables': {'VSCODE_WORKSPACE_FOLDER': None, 'CONPORT_WORKSPACE': None, 'PWD': '/Users/darrenraines/👽/ROO/PortfolioRoo', 'CWD': '/Users/darrenraines/👽/ROO/PortfolioRoo'}}
2025-09-13 13:28:54,796 - INFO - context_portal_mcp.main - Effective workspace ID: /Users/darrenraines/👽/ROO/PortfolioRoo
2025-09-13 13:28:54,796 - INFO - context_portal_mcp.main - Pre-warming database connection for workspace: /Users/darrenraines/👽/ROO/PortfolioRoo
2025-09-13 13:28:54,796 - INFO - context_portal_mcp.db.database - Alembic: Script directory /Users/darrenraines/👽/ROO/PortfolioRoo/context_portal/alembic confirmed to exist by Python.
2025-09-13 13:28:54,796 - INFO - context_portal_mcp.db.database - Running Alembic migrations for database: /Users/darrenraines/👽/ROO/PortfolioRoo/context_portal/context.db
2025-09-15 18:25:34,864 - INFO - context_portal_mcp.main - File logging configured to: /Users/darrenraines/👽/ROO/PortfolioRoo/context_portal/./logs/conport.log
2025-09-15 18:25:34,864 - INFO - context_portal_mcp.core.config - Database filename set to: context.db
2025-09-15 18:25:34,864 - INFO - context_portal_mcp.main - Using database filename: context.db
2025-09-15 18:25:34,864 - INFO - context_portal_mcp.main - Parsed CLI args: Namespace(host='127.0.0.1', port=8000, workspace_id='/Users/darrenraines/👽/ROO/PortfolioRoo', auto_detect_workspace=True, workspace_search_start=None, no_auto_detect=False, mode='stdio', log_file='./logs/conport.log', db_path=None, base_path=None, db_filename='context.db', log_level='INFO')
2025-09-15 18:25:34,864 - INFO - context_portal_mcp.main - Starting ConPort in STDIO mode with workspace detection enabled
2025-09-15 18:25:34,864 - INFO - context_portal_mcp.core.workspace_detector - Workspace detected by strong indicators: /Users/darrenraines/👽/ROO/PortfolioRoo
2025-09-15 18:25:34,864 - INFO - context_portal_mcp.main - Workspace detection details: {'start_path': '/Users/darrenraines/👽/ROO/PortfolioRoo', 'detected_workspace': '/Users/darrenraines/👽/ROO/PortfolioRoo', 'context_portal_path': '/Users/darrenraines/👽/ROO/PortfolioRoo/context_portal', 'detection_method': 'strong_indicators', 'indicators_found': ['.git'], 'environment_variables': {'VSCODE_WORKSPACE_FOLDER': None, 'CONPORT_WORKSPACE': None, 'PWD': '/Users/darrenraines/👽/ROO/PortfolioRoo', 'CWD': '/Users/darrenraines/👽/ROO/PortfolioRoo'}}
2025-09-15 18:25:34,864 - INFO - context_portal_mcp.main - Effective workspace ID: /Users/darrenraines/👽/ROO/PortfolioRoo
2025-09-15 18:25:34,864 - INFO - context_portal_mcp.main - Pre-warming database connection for workspace: /Users/darrenraines/👽/ROO/PortfolioRoo
2025-09-15 18:25:34,865 - INFO - context_portal_mcp.db.database - Alembic: Script directory /Users/darrenraines/👽/ROO/PortfolioRoo/context_portal/alembic confirmed to exist by Python.
2025-09-15 18:25:34,865 - INFO - context_portal_mcp.db.database - Running Alembic migrations for database: /Users/darrenraines/👽/ROO/PortfolioRoo/context_portal/context.db
2025-09-15 18:39:34,023 - INFO - context_portal_mcp.main - File logging configured to: /Users/darrenraines/👽/ROO/PortfolioRoo/context_portal/./logs/conport.log
2025-09-15 18:39:34,023 - INFO - context_portal_mcp.core.config - Database filename set to: context.db
2025-09-15 18:39:34,023 - INFO - context_portal_mcp.main - Using database filename: context.db
2025-09-15 18:39:34,024 - INFO - context_portal_mcp.main - Parsed CLI args: Namespace(host='127.0.0.1', port=8000, workspace_id='/Users/darrenraines/👽/ROO/PortfolioRoo', auto_detect_workspace=True, workspace_search_start=None, no_auto_detect=False, mode='stdio', log_file='./logs/conport.log', db_path=None, base_path=None, db_filename='context.db', log_level='INFO')
2025-09-15 18:39:34,024 - INFO - context_portal_mcp.main - Starting ConPort in STDIO mode with workspace detection enabled
2025-09-15 18:39:34,024 - INFO - context_portal_mcp.core.workspace_detector - Workspace detected by strong indicators: /Users/darrenraines/👽/ROO/PortfolioRoo
2025-09-15 18:39:34,024 - INFO - context_portal_mcp.main - Workspace detection details: {'start_path': '/Users/darrenraines/👽/ROO/PortfolioRoo', 'detected_workspace': '/Users/darrenraines/👽/ROO/PortfolioRoo', 'context_portal_path': '/Users/darrenraines/👽/ROO/PortfolioRoo/context_portal', 'detection_method': 'strong_indicators', 'indicators_found': ['.git'], 'environment_variables': {'VSCODE_WORKSPACE_FOLDER': None, 'CONPORT_WORKSPACE': None, 'PWD': '/Users/darrenraines/👽/ROO/PortfolioRoo', 'CWD': '/Users/darrenraines/👽/ROO/PortfolioRoo'}}
2025-09-15 18:39:34,024 - INFO - context_portal_mcp.main - Effective workspace ID: /Users/darrenraines/👽/ROO/PortfolioRoo
2025-09-15 18:39:34,024 - INFO - context_portal_mcp.main - Pre-warming database connection for workspace: /Users/darrenraines/👽/ROO/PortfolioRoo
2025-09-15 18:39:34,025 - INFO - context_portal_mcp.db.database - Alembic: Script directory /Users/darrenraines/👽/ROO/PortfolioRoo/context_portal/alembic confirmed to exist by Python.
2025-09-15 18:39:34,025 - INFO - context_portal_mcp.db.database - Running Alembic migrations for database: /Users/darrenraines/👽/ROO/PortfolioRoo/context_portal/context.db
2025-09-15 18:41:57,964 - INFO - context_portal_mcp.main - File logging configured to: /Users/darrenraines/👽/ROO/PortfolioRoo/context_portal/./logs/conport.log
2025-09-15 18:41:57,964 - INFO - context_portal_mcp.core.config - Database filename set to: context.db
2025-09-15 18:41:57,964 - INFO - context_portal_mcp.main - Using database filename: context.db
2025-09-15 18:41:57,964 - INFO - context_portal_mcp.main - Parsed CLI args: Namespace(host='127.0.0.1', port=8000, workspace_id='/Users/darrenraines/👽/ROO/PortfolioRoo', auto_detect_workspace=True, workspace_search_start=None, no_auto_detect=False, mode='stdio', log_file='./logs/conport.log', db_path=None, base_path=None, db_filename='context.db', log_level='INFO')
2025-09-15 18:41:57,964 - INFO - context_portal_mcp.main - Starting ConPort in STDIO mode with workspace detection enabled
2025-09-15 18:41:57,964 - INFO - context_portal_mcp.core.workspace_detector - Workspace detected by strong indicators: /Users/darrenraines/👽/ROO/PortfolioRoo
2025-09-15 18:41:57,965 - INFO - context_portal_mcp.main - Workspace detection details: {'start_path': '/Users/darrenraines/👽/ROO/PortfolioRoo', 'detected_workspace': '/Users/darrenraines/👽/ROO/PortfolioRoo', 'context_portal_path': '/Users/darrenraines/👽/ROO/PortfolioRoo/context_portal', 'detection_method': 'strong_indicators', 'indicators_found': ['.git'], 'environment_variables': {'VSCODE_WORKSPACE_FOLDER': None, 'CONPORT_WORKSPACE': None, 'PWD': '/Users/darrenraines/👽/ROO/PortfolioRoo', 'CWD': '/Users/darrenraines/👽/ROO/PortfolioRoo'}}
2025-09-15 18:41:57,965 - INFO - context_portal_mcp.main - Effective workspace ID: /Users/darrenraines/👽/ROO/PortfolioRoo
2025-09-15 18:41:57,965 - INFO - context_portal_mcp.main - Pre-warming database connection for workspace: /Users/darrenraines/👽/ROO/PortfolioRoo
2025-09-15 18:41:57,965 - INFO - context_portal_mcp.db.database - Alembic: Script directory /Users/darrenraines/👽/ROO/PortfolioRoo/context_portal/alembic confirmed to exist by Python.
2025-09-15 18:41:57,965 - INFO - context_portal_mcp.db.database - Running Alembic migrations for database: /Users/darrenraines/👽/ROO/PortfolioRoo/context_portal/context.db
2025-09-15 18:42:17,385 - INFO - context_portal_mcp.main - File logging configured to: /Users/darrenraines/👽/ROO/PortfolioRoo/context_portal/./logs/conport.log
2025-09-15 18:42:17,385 - INFO - context_portal_mcp.core.config - Database filename set to: context.db
2025-09-15 18:42:17,385 - INFO - context_portal_mcp.main - Using database filename: context.db
2025-09-15 18:42:17,385 - INFO - context_portal_mcp.main - Parsed CLI args: Namespace(host='127.0.0.1', port=8000, workspace_id='/Users/darrenraines/👽/ROO/PortfolioRoo', auto_detect_workspace=True, workspace_search_start=None, no_auto_detect=False, mode='stdio', log_file='./logs/conport.log', db_path=None, base_path=None, db_filename='context.db', log_level='INFO')
2025-09-15 18:42:17,385 - INFO - context_portal_mcp.main - Starting ConPort in STDIO mode with workspace detection enabled
2025-09-15 18:42:17,385 - INFO - context_portal_mcp.core.workspace_detector - Workspace detected by strong indicators: /Users/darrenraines/👽/ROO/PortfolioRoo
2025-09-15 18:42:17,386 - INFO - context_portal_mcp.main - Workspace detection details: {'start_path': '/Users/darrenraines/👽/ROO/PortfolioRoo', 'detected_workspace': '/Users/darrenraines/👽/ROO/PortfolioRoo', 'context_portal_path': '/Users/darrenraines/👽/ROO/PortfolioRoo/context_portal', 'detection_method': 'strong_indicators', 'indicators_found': ['.git'], 'environment_variables': {'VSCODE_WORKSPACE_FOLDER': None, 'CONPORT_WORKSPACE': None, 'PWD': '/Users/darrenraines/👽/ROO/PortfolioRoo', 'CWD': '/Users/darrenraines/👽/ROO/PortfolioRoo'}}
2025-09-15 18:42:17,386 - INFO - context_portal_mcp.main - Effective workspace ID: /Users/darrenraines/👽/ROO/PortfolioRoo
2025-09-15 18:42:17,386 - INFO - context_portal_mcp.main - Pre-warming database connection for workspace: /Users/darrenraines/👽/ROO/PortfolioRoo
2025-09-15 18:42:17,386 - INFO - context_portal_mcp.db.database - Alembic: Script directory /Users/darrenraines/👽/ROO/PortfolioRoo/context_portal/alembic confirmed to exist by Python.
2025-09-15 18:42:17,386 - INFO - context_portal_mcp.db.database - Running Alembic migrations for database: /Users/darrenraines/👽/ROO/PortfolioRoo/context_portal/context.db
2025-09-15 18:45:06,814 - INFO - context_portal_mcp.main - File logging configured to: /Users/darrenraines/👽/ROO/PortfolioRoo/context_portal/./logs/conport.log
2025-09-15 18:45:06,814 - INFO - context_portal_mcp.core.config - Database filename set to: context.db
2025-09-15 18:45:06,814 - INFO - context_portal_mcp.main - Using database filename: context.db
2025-09-15 18:45:06,814 - INFO - context_portal_mcp.main - Parsed CLI args: Namespace(host='127.0.0.1', port=8000, workspace_id='/Users/darrenraines/👽/ROO/PortfolioRoo', auto_detect_workspace=True, workspace_search_start=None, no_auto_detect=False, mode='stdio', log_file='./logs/conport.log', db_path=None, base_path=None, db_filename='context.db', log_level='INFO')
2025-09-15 18:45:06,814 - INFO - context_portal_mcp.main - Starting ConPort in STDIO mode with workspace detection enabled
2025-09-15 18:45:06,814 - INFO - context_portal_mcp.core.workspace_detector - Workspace detected by strong indicators: /Users/darrenraines/👽/ROO/PortfolioRoo
2025-09-15 18:45:06,814 - INFO - context_portal_mcp.main - Workspace detection details: {'start_path': '/Users/darrenraines/👽/ROO/PortfolioRoo', 'detected_workspace': '/Users/darrenraines/👽/ROO/PortfolioRoo', 'context_portal_path': '/Users/darrenraines/👽/ROO/PortfolioRoo/context_portal', 'detection_method': 'strong_indicators', 'indicators_found': ['.git'], 'environment_variables': {'VSCODE_WORKSPACE_FOLDER': None, 'CONPORT_WORKSPACE': None, 'PWD': '/Users/darrenraines/👽/ROO/PortfolioRoo', 'CWD': '/Users/darrenraines/👽/ROO/PortfolioRoo'}}
2025-09-15 18:45:06,814 - INFO - context_portal_mcp.main - Effective workspace ID: /Users/darrenraines/👽/ROO/PortfolioRoo
2025-09-15 18:45:06,814 - INFO - context_portal_mcp.main - Pre-warming database connection for workspace: /Users/darrenraines/👽/ROO/PortfolioRoo
2025-09-15 18:45:06,815 - INFO - context_portal_mcp.db.database - Alembic: Script directory /Users/darrenraines/👽/ROO/PortfolioRoo/context_portal/alembic confirmed to exist by Python.
2025-09-15 18:45:06,815 - INFO - context_portal_mcp.db.database - Running Alembic migrations for database: /Users/darrenraines/👽/ROO/PortfolioRoo/context_portal/context.db
2025-09-15 18:45:42,045 - INFO - context_portal_mcp.main - File logging configured to: /Users/darrenraines/👽/ROO/PortfolioRoo/context_portal/./logs/conport.log
2025-09-15 18:45:42,046 - INFO - context_portal_mcp.core.config - Database filename set to: context.db
2025-09-15 18:45:42,046 - INFO - context_portal_mcp.main - Using database filename: context.db
2025-09-15 18:45:42,046 - INFO - context_portal_mcp.main - Parsed CLI args: Namespace(host='127.0.0.1', port=8000, workspace_id='/Users/darrenraines/👽/ROO/PortfolioRoo', auto_detect_workspace=True, workspace_search_start=None, no_auto_detect=False, mode='stdio', log_file='./logs/conport.log', db_path=None, base_path=None, db_filename='context.db', log_level='INFO')
2025-09-15 18:45:42,046 - INFO - context_portal_mcp.main - Starting ConPort in STDIO mode with workspace detection enabled
2025-09-15 18:45:42,046 - INFO - context_portal_mcp.core.workspace_detector - Workspace detected by strong indicators: /Users/darrenraines/👽/ROO/PortfolioRoo
2025-09-15 18:45:42,046 - INFO - context_portal_mcp.main - Workspace detection details: {'start_path': '/Users/darrenraines/👽/ROO/PortfolioRoo', 'detected_workspace': '/Users/darrenraines/👽/ROO/PortfolioRoo', 'context_portal_path': '/Users/darrenraines/👽/ROO/PortfolioRoo/context_portal', 'detection_method': 'strong_indicators', 'indicators_found': ['.git'], 'environment_variables': {'VSCODE_WORKSPACE_FOLDER': None, 'CONPORT_WORKSPACE': None, 'PWD': '/Users/darrenraines/👽/ROO/PortfolioRoo', 'CWD': '/Users/darrenraines/👽/ROO/PortfolioRoo'}}
2025-09-15 18:45:42,046 - INFO - context_portal_mcp.main - Effective workspace ID: /Users/darrenraines/👽/ROO/PortfolioRoo
2025-09-15 18:45:42,046 - INFO - context_portal_mcp.main - Pre-warming database connection for workspace: /Users/darrenraines/👽/ROO/PortfolioRoo
2025-09-15 18:45:42,046 - INFO - context_portal_mcp.db.database - Alembic: Script directory /Users/darrenraines/👽/ROO/PortfolioRoo/context_portal/alembic confirmed to exist by Python.
2025-09-15 18:45:42,046 - INFO - context_portal_mcp.db.database - Running Alembic migrations for database: /Users/darrenraines/👽/ROO/PortfolioRoo/context_portal/context.db
2025-09-15 18:48:18,442 - INFO - context_portal_mcp.main - File logging configured to: /Users/darrenraines/👽/ROO/PortfolioRoo/context_portal/./logs/conport.log
2025-09-15 18:48:18,442 - INFO - context_portal_mcp.core.config - Database filename set to: context.db
2025-09-15 18:48:18,442 - INFO - context_portal_mcp.main - Using database filename: context.db
2025-09-15 18:48:18,442 - INFO - context_portal_mcp.main - Parsed CLI args: Namespace(host='127.0.0.1', port=8000, workspace_id='/Users/darrenraines/👽/ROO/PortfolioRoo', auto_detect_workspace=True, workspace_search_start=None, no_auto_detect=False, mode='stdio', log_file='./logs/conport.log', db_path=None, base_path=None, db_filename='context.db', log_level='INFO')
2025-09-15 18:48:18,442 - INFO - context_portal_mcp.main - Starting ConPort in STDIO mode with workspace detection enabled
2025-09-15 18:48:18,443 - INFO - context_portal_mcp.core.workspace_detector - Workspace detected by strong indicators: /Users/darrenraines/👽/ROO/PortfolioRoo
2025-09-15 18:48:18,443 - INFO - context_portal_mcp.main - Workspace detection details: {'start_path': '/Users/darrenraines/👽/ROO/PortfolioRoo', 'detected_workspace': '/Users/darrenraines/👽/ROO/PortfolioRoo', 'context_portal_path': '/Users/darrenraines/👽/ROO/PortfolioRoo/context_portal', 'detection_method': 'strong_indicators', 'indicators_found': ['.git'], 'environment_variables': {'VSCODE_WORKSPACE_FOLDER': None, 'CONPORT_WORKSPACE': None, 'PWD': '/Users/darrenraines/👽/ROO/PortfolioRoo', 'CWD': '/Users/darrenraines/👽/ROO/PortfolioRoo'}}
2025-09-15 18:48:18,443 - INFO - context_portal_mcp.main - Effective workspace ID: /Users/darrenraines/👽/ROO/PortfolioRoo
2025-09-15 18:48:18,443 - INFO - context_portal_mcp.main - Pre-warming database connection for workspace: /Users/darrenraines/👽/ROO/PortfolioRoo
2025-09-15 18:48:18,443 - INFO - context_portal_mcp.db.database - Alembic: Script directory /Users/darrenraines/👽/ROO/PortfolioRoo/context_portal/alembic confirmed to exist by Python.
2025-09-15 18:48:18,444 - INFO - context_portal_mcp.db.database - Running Alembic migrations for database: /Users/darrenraines/👽/ROO/PortfolioRoo/context_portal/context.db
2025-09-15 21:15:03,082 - INFO - context_portal_mcp.main - File logging configured to: /Users/darrenraines/👽/ROO/PortfolioRoo/context_portal/./logs/conport.log
2025-09-15 21:15:03,082 - INFO - context_portal_mcp.core.config - Database filename set to: context.db
2025-09-15 21:15:03,082 - INFO - context_portal_mcp.main - Using database filename: context.db
2025-09-15 21:15:03,082 - INFO - context_portal_mcp.main - Parsed CLI args: Namespace(host='127.0.0.1', port=8000, workspace_id='/Users/darrenraines/👽/ROO/PortfolioRoo', auto_detect_workspace=True, workspace_search_start=None, no_auto_detect=False, mode='stdio', log_file='./logs/conport.log', db_path=None, base_path=None, db_filename='context.db', log_level='INFO')
2025-09-15 21:15:03,082 - INFO - context_portal_mcp.main - Starting ConPort in STDIO mode with workspace detection enabled
2025-09-15 21:15:03,083 - INFO - context_portal_mcp.core.workspace_detector - Workspace detected by strong indicators: /Users/darrenraines/👽/ROO/PortfolioRoo
2025-09-15 21:15:03,083 - INFO - context_portal_mcp.main - Workspace detection details: {'start_path': '/Users/darrenraines/👽/ROO/PortfolioRoo', 'detected_workspace': '/Users/darrenraines/👽/ROO/PortfolioRoo', 'context_portal_path': '/Users/darrenraines/👽/ROO/PortfolioRoo/context_portal', 'detection_method': 'strong_indicators', 'indicators_found': ['.git'], 'environment_variables': {'VSCODE_WORKSPACE_FOLDER': None, 'CONPORT_WORKSPACE': None, 'PWD': '/Users/darrenraines/👽/ROO/PortfolioRoo', 'CWD': '/Users/darrenraines/👽/ROO/PortfolioRoo'}}
2025-09-15 21:15:03,083 - INFO - context_portal_mcp.main - Effective workspace ID: /Users/darrenraines/👽/ROO/PortfolioRoo
2025-09-15 21:15:03,083 - INFO - context_portal_mcp.main - Pre-warming database connection for workspace: /Users/darrenraines/👽/ROO/PortfolioRoo
2025-09-15 21:15:03,084 - INFO - context_portal_mcp.db.database - Alembic: Script directory /Users/darrenraines/👽/ROO/PortfolioRoo/context_portal/alembic confirmed to exist by Python.
2025-09-15 21:15:03,084 - INFO - context_portal_mcp.db.database - Running Alembic migrations for database: /Users/darrenraines/👽/ROO/PortfolioRoo/context_portal/context.db
2025-09-15 21:38:10,354 - INFO - context_portal_mcp.main - File logging configured to: /Users/darrenraines/👽/ROO/PortfolioRoo/context_portal/./logs/conport.log
2025-09-15 21:38:10,354 - INFO - context_portal_mcp.core.config - Database filename set to: context.db
2025-09-15 21:38:10,354 - INFO - context_portal_mcp.main - Using database filename: context.db
2025-09-15 21:38:10,354 - INFO - context_portal_mcp.main - Parsed CLI args: Namespace(host='127.0.0.1', port=8000, workspace_id='/Users/darrenraines/👽/ROO/PortfolioRoo', auto_detect_workspace=True, workspace_search_start=None, no_auto_detect=False, mode='stdio', log_file='./logs/conport.log', db_path=None, base_path=None, db_filename='context.db', log_level='INFO')
2025-09-15 21:38:10,354 - INFO - context_portal_mcp.main - Starting ConPort in STDIO mode with workspace detection enabled
2025-09-15 21:38:10,354 - INFO - context_portal_mcp.core.workspace_detector - Workspace detected by strong indicators: /Users/darrenraines/👽/ROO/PortfolioRoo
2025-09-15 21:38:10,354 - INFO - context_portal_mcp.main - Workspace detection details: {'start_path': '/Users/darrenraines/👽/ROO/PortfolioRoo', 'detected_workspace': '/Users/darrenraines/👽/ROO/PortfolioRoo', 'context_portal_path': '/Users/darrenraines/👽/ROO/PortfolioRoo/context_portal', 'detection_method': 'strong_indicators', 'indicators_found': ['.git'], 'environment_variables': {'VSCODE_WORKSPACE_FOLDER': None, 'CONPORT_WORKSPACE': None, 'PWD': '/Users/darrenraines/👽/ROO/PortfolioRoo', 'CWD': '/Users/darrenraines/👽/ROO/PortfolioRoo'}}
2025-09-15 21:38:10,354 - INFO - context_portal_mcp.main - Effective workspace ID: /Users/darrenraines/👽/ROO/PortfolioRoo
2025-09-15 21:38:10,355 - INFO - context_portal_mcp.main - Pre-warming database connection for workspace: /Users/darrenraines/👽/ROO/PortfolioRoo
2025-09-15 21:38:10,355 - INFO - context_portal_mcp.db.database - Alembic: Script directory /Users/darrenraines/👽/ROO/PortfolioRoo/context_portal/alembic confirmed to exist by Python.
2025-09-15 21:38:10,355 - INFO - context_portal_mcp.db.database - Running Alembic migrations for database: /Users/darrenraines/👽/ROO/PortfolioRoo/context_portal/context.db
2025-09-15 21:38:42,870 - INFO - context_portal_mcp.main - File logging configured to: /Users/darrenraines/👽/ROO/PortfolioRoo/context_portal/./logs/conport.log
2025-09-15 21:38:42,870 - INFO - context_portal_mcp.core.config - Database filename set to: context.db
2025-09-15 21:38:42,870 - INFO - context_portal_mcp.main - Using database filename: context.db
2025-09-15 21:38:42,870 - INFO - context_portal_mcp.main - Parsed CLI args: Namespace(host='127.0.0.1', port=8000, workspace_id='/Users/darrenraines/👽/ROO/PortfolioRoo', auto_detect_workspace=True, workspace_search_start=None, no_auto_detect=False, mode='stdio', log_file='./logs/conport.log', db_path=None, base_path=None, db_filename='context.db', log_level='INFO')
2025-09-15 21:38:42,871 - INFO - context_portal_mcp.main - Starting ConPort in STDIO mode with workspace detection enabled
2025-09-15 21:38:42,871 - INFO - context_portal_mcp.core.workspace_detector - Workspace detected by strong indicators: /Users/darrenraines/👽/ROO/PortfolioRoo
2025-09-15 21:38:42,871 - INFO - context_portal_mcp.main - Workspace detection details: {'start_path': '/Users/darrenraines/👽/ROO/PortfolioRoo', 'detected_workspace': '/Users/darrenraines/👽/ROO/PortfolioRoo', 'context_portal_path': '/Users/darrenraines/👽/ROO/PortfolioRoo/context_portal', 'detection_method': 'strong_indicators', 'indicators_found': ['.git'], 'environment_variables': {'VSCODE_WORKSPACE_FOLDER': None, 'CONPORT_WORKSPACE': None, 'PWD': '/Users/darrenraines/👽/ROO/PortfolioRoo', 'CWD': '/Users/darrenraines/👽/ROO/PortfolioRoo'}}
2025-09-15 21:38:42,871 - INFO - context_portal_mcp.main - Effective workspace ID: /Users/darrenraines/👽/ROO/PortfolioRoo
2025-09-15 21:38:42,871 - INFO - context_portal_mcp.main - Pre-warming database connection for workspace: /Users/darrenraines/👽/ROO/PortfolioRoo
2025-09-15 21:38:42,871 - INFO - context_portal_mcp.db.database - Alembic: Script directory /Users/darrenraines/👽/ROO/PortfolioRoo/context_portal/alembic confirmed to exist by Python.
2025-09-15 21:38:42,871 - INFO - context_portal_mcp.db.database - Running Alembic migrations for database: /Users/darrenraines/👽/ROO/PortfolioRoo/context_portal/context.db
2025-09-16 15:42:53,045 - INFO - context_portal_mcp.main - File logging configured to: /Users/darrenraines/👽/ROO/PortfolioRoo/context_portal/./logs/conport.log
2025-09-16 15:42:53,046 - INFO - context_portal_mcp.core.config - Database filename set to: context.db
2025-09-16 15:42:53,046 - INFO - context_portal_mcp.main - Using database filename: context.db
2025-09-16 15:42:53,046 - INFO - context_portal_mcp.main - Parsed CLI args: Namespace(host='127.0.0.1', port=8000, workspace_id='/Users/darrenraines/👽/ROO/PortfolioRoo', auto_detect_workspace=True, workspace_search_start=None, no_auto_detect=False, mode='stdio', log_file='./logs/conport.log', db_path=None, base_path=None, db_filename='context.db', log_level='INFO')
2025-09-16 15:42:53,046 - INFO - context_portal_mcp.main - Starting ConPort in STDIO mode with workspace detection enabled
2025-09-16 15:42:53,046 - INFO - context_portal_mcp.core.workspace_detector - Workspace detected by strong indicators: /Users/darrenraines/👽/ROO/PortfolioRoo
2025-09-16 15:42:53,046 - INFO - context_portal_mcp.main - Workspace detection details: {'start_path': '/Users/darrenraines/👽/ROO/PortfolioRoo', 'detected_workspace': '/Users/darrenraines/👽/ROO/PortfolioRoo', 'context_portal_path': '/Users/darrenraines/👽/ROO/PortfolioRoo/context_portal', 'detection_method': 'strong_indicators', 'indicators_found': ['.git'], 'environment_variables': {'VSCODE_WORKSPACE_FOLDER': None, 'CONPORT_WORKSPACE': None, 'PWD': '/Users/darrenraines/👽/ROO/PortfolioRoo', 'CWD': '/Users/darrenraines/👽/ROO/PortfolioRoo'}}
2025-09-16 15:42:53,046 - INFO - context_portal_mcp.main - Effective workspace ID: /Users/darrenraines/👽/ROO/PortfolioRoo
2025-09-16 15:42:53,046 - INFO - context_portal_mcp.main - Pre-warming database connection for workspace: /Users/darrenraines/👽/ROO/PortfolioRoo
2025-09-16 15:42:53,047 - INFO - context_portal_mcp.db.database - Alembic: Script directory /Users/darrenraines/👽/ROO/PortfolioRoo/context_portal/alembic confirmed to exist by Python.
2025-09-16 15:42:53,047 - INFO - context_portal_mcp.db.database - Running Alembic migrations for database: /Users/darrenraines/👽/ROO/PortfolioRoo/context_portal/context.db
2025-09-21 17:26:50,705 - INFO - context_portal_mcp.main - File logging configured to: /Users/darrenraines/👽/ROO/PortfolioRoo/context_portal/./logs/conport.log
2025-09-21 17:26:50,705 - INFO - context_portal_mcp.core.config - Database filename set to: context.db
2025-09-21 17:26:50,705 - INFO - context_portal_mcp.main - Using database filename: context.db
2025-09-21 17:26:50,705 - INFO - context_portal_mcp.main - Parsed CLI args: Namespace(host='127.0.0.1', port=8000, workspace_id='/Users/darrenraines/👽/ROO/PortfolioRoo', auto_detect_workspace=True, workspace_search_start=None, no_auto_detect=False, mode='stdio', log_file='./logs/conport.log', db_path=None, base_path=None, db_filename='context.db', log_level='INFO')
2025-09-21 17:26:50,705 - INFO - context_portal_mcp.main - Starting ConPort in STDIO mode with workspace detection enabled
2025-09-21 17:26:50,706 - INFO - context_portal_mcp.core.workspace_detector - Workspace detected by strong indicators: /Users/darrenraines/👽/ROO/PortfolioRoo
2025-09-21 17:26:50,706 - INFO - context_portal_mcp.main - Workspace detection details: {'start_path': '/Users/darrenraines/👽/ROO/PortfolioRoo', 'detected_workspace': '/Users/darrenraines/👽/ROO/PortfolioRoo', 'context_portal_path': '/Users/darrenraines/👽/ROO/PortfolioRoo/context_portal', 'detection_method': 'strong_indicators', 'indicators_found': ['.git'], 'environment_variables': {'VSCODE_WORKSPACE_FOLDER': None, 'CONPORT_WORKSPACE': None, 'PWD': '/Users/darrenraines/👽/ROO/PortfolioRoo', 'CWD': '/Users/darrenraines/👽/ROO/PortfolioRoo'}}
2025-09-21 17:26:50,706 - INFO - context_portal_mcp.main - Effective workspace ID: /Users/darrenraines/👽/ROO/PortfolioRoo
2025-09-21 17:26:50,706 - INFO - context_portal_mcp.main - Pre-warming database connection for workspace: /Users/darrenraines/👽/ROO/PortfolioRoo
2025-09-21 17:26:50,707 - INFO - context_portal_mcp.db.database - Alembic: Script directory /Users/darrenraines/👽/ROO/PortfolioRoo/context_portal/alembic confirmed to exist by Python.
2025-09-21 17:26:50,707 - INFO - context_portal_mcp.db.database - Running Alembic migrations for database: /Users/darrenraines/👽/ROO/PortfolioRoo/context_portal/context.db
2025-09-29 18:13:44,119 - INFO - context_portal_mcp.main - File logging configured to: /Users/darrenraines/👽/ROO/PortfolioRoo/context_portal/./logs/conport.log
2025-09-29 18:13:44,119 - INFO - context_portal_mcp.core.config - Database filename set to: context.db
2025-09-29 18:13:44,119 - INFO - context_portal_mcp.main - Using database filename: context.db
2025-09-29 18:13:44,119 - INFO - context_portal_mcp.main - Parsed CLI args: Namespace(host='127.0.0.1', port=8000, workspace_id='/Users/darrenraines/👽/ROO/PortfolioRoo', auto_detect_workspace=True, workspace_search_start=None, no_auto_detect=False, mode='stdio', log_file='./logs/conport.log', db_path=None, base_path=None, db_filename='context.db', log_level='INFO')
2025-09-29 18:13:44,119 - INFO - context_portal_mcp.main - Starting ConPort in STDIO mode with workspace detection enabled
2025-09-29 18:13:44,120 - INFO - context_portal_mcp.core.workspace_detector - Workspace detected by strong indicators: /Users/darrenraines/👽/ROO/PortfolioRoo
2025-09-29 18:13:44,120 - INFO - context_portal_mcp.main - Workspace detection details: {'start_path': '/Users/darrenraines/👽/ROO/PortfolioRoo', 'detected_workspace': '/Users/darrenraines/👽/ROO/PortfolioRoo', 'context_portal_path': '/Users/darrenraines/👽/ROO/PortfolioRoo/context_portal', 'detection_method': 'strong_indicators', 'indicators_found': ['.git'], 'environment_variables': {'VSCODE_WORKSPACE_FOLDER': None, 'CONPORT_WORKSPACE': None, 'PWD': '/Users/darrenraines/👽/ROO/PortfolioRoo', 'CWD': '/Users/darrenraines/👽/ROO/PortfolioRoo'}}
2025-09-29 18:13:44,120 - INFO - context_portal_mcp.main - Effective workspace ID: /Users/darrenraines/👽/ROO/PortfolioRoo
2025-09-29 18:13:44,120 - INFO - context_portal_mcp.main - Pre-warming database connection for workspace: /Users/darrenraines/👽/ROO/PortfolioRoo
2025-09-29 18:13:44,121 - INFO - context_portal_mcp.db.database - Alembic: Script directory /Users/darrenraines/👽/ROO/PortfolioRoo/context_portal/alembic confirmed to exist by Python.
2025-09-29 18:13:44,121 - INFO - context_portal_mcp.db.database - Running Alembic migrations for database: /Users/darrenraines/👽/ROO/PortfolioRoo/context_portal/context.db
2025-09-29 18:13:52,553 - INFO - context_portal_mcp.main - File logging configured to: /Users/darrenraines/👽/ROO/PortfolioRoo/context_portal/./logs/conport.log
2025-09-29 18:13:52,553 - INFO - context_portal_mcp.core.config - Database filename set to: context.db
2025-09-29 18:13:52,553 - INFO - context_portal_mcp.main - Using database filename: context.db
2025-09-29 18:13:52,553 - INFO - context_portal_mcp.main - Parsed CLI args: Namespace(host='127.0.0.1', port=8000, workspace_id='/Users/darrenraines/👽/ROO/PortfolioRoo', auto_detect_workspace=True, workspace_search_start=None, no_auto_detect=False, mode='stdio', log_file='./logs/conport.log', db_path=None, base_path=None, db_filename='context.db', log_level='INFO')
2025-09-29 18:13:52,553 - INFO - context_portal_mcp.main - Starting ConPort in STDIO mode with workspace detection enabled
2025-09-29 18:13:52,554 - INFO - context_portal_mcp.core.workspace_detector - Workspace detected by strong indicators: /Users/darrenraines/👽/ROO/PortfolioRoo
2025-09-29 18:13:52,554 - INFO - context_portal_mcp.main - Workspace detection details: {'start_path': '/Users/darrenraines/👽/ROO/PortfolioRoo', 'detected_workspace': '/Users/darrenraines/👽/ROO/PortfolioRoo', 'context_portal_path': '/Users/darrenraines/👽/ROO/PortfolioRoo/context_portal', 'detection_method': 'strong_indicators', 'indicators_found': ['.git'], 'environment_variables': {'VSCODE_WORKSPACE_FOLDER': None, 'CONPORT_WORKSPACE': None, 'PWD': '/Users/darrenraines/👽/ROO/PortfolioRoo', 'CWD': '/Users/darrenraines/👽/ROO/PortfolioRoo'}}
2025-09-29 18:13:52,554 - INFO - context_portal_mcp.main - Effective workspace ID: /Users/darrenraines/👽/ROO/PortfolioRoo
2025-09-29 18:13:52,554 - INFO - context_portal_mcp.main - Pre-warming database connection for workspace: /Users/darrenraines/👽/ROO/PortfolioRoo
2025-09-29 18:13:52,554 - INFO - context_portal_mcp.db.database - Alembic: Script directory /Users/darrenraines/👽/ROO/PortfolioRoo/context_portal/alembic confirmed to exist by Python.
2025-09-29 18:13:52,554 - INFO - context_portal_mcp.db.database - Running Alembic migrations for database: /Users/darrenraines/👽/ROO/PortfolioRoo/context_portal/context.db
2025-09-29 18:14:00,909 - INFO - context_portal_mcp.main - File logging configured to: /Users/darrenraines/👽/ROO/PortfolioRoo/context_portal/./logs/conport.log
2025-09-29 18:14:00,909 - INFO - context_portal_mcp.core.config - Database filename set to: context.db
2025-09-29 18:14:00,909 - INFO - context_portal_mcp.main - Using database filename: context.db
2025-09-29 18:14:00,909 - INFO - context_portal_mcp.main - Parsed CLI args: Namespace(host='127.0.0.1', port=8000, workspace_id='/Users/darrenraines/👽/ROO/PortfolioRoo', auto_detect_workspace=True, workspace_search_start=None, no_auto_detect=False, mode='stdio', log_file='./logs/conport.log', db_path=None, base_path=None, db_filename='context.db', log_level='INFO')
2025-09-29 18:14:00,909 - INFO - context_portal_mcp.main - Starting ConPort in STDIO mode with workspace detection enabled
2025-09-29 18:14:00,910 - INFO - context_portal_mcp.core.workspace_detector - Workspace detected by strong indicators: /Users/darrenraines/👽/ROO/PortfolioRoo
2025-09-29 18:14:00,910 - INFO - context_portal_mcp.main - Workspace detection details: {'start_path': '/Users/darrenraines/👽/ROO/PortfolioRoo', 'detected_workspace': '/Users/darrenraines/👽/ROO/PortfolioRoo', 'context_portal_path': '/Users/darrenraines/👽/ROO/PortfolioRoo/context_portal', 'detection_method': 'strong_indicators', 'indicators_found': ['.git'], 'environment_variables': {'VSCODE_WORKSPACE_FOLDER': None, 'CONPORT_WORKSPACE': None, 'PWD': '/Users/darrenraines/👽/ROO/PortfolioRoo', 'CWD': '/Users/darrenraines/👽/ROO/PortfolioRoo'}}
2025-09-29 18:14:00,910 - INFO - context_portal_mcp.main - Effective workspace ID: /Users/darrenraines/👽/ROO/PortfolioRoo
2025-09-29 18:14:00,910 - INFO - context_portal_mcp.main - Pre-warming database connection for workspace: /Users/darrenraines/👽/ROO/PortfolioRoo
2025-09-29 18:14:00,910 - INFO - context_portal_mcp.db.database - Alembic: Script directory /Users/darrenraines/👽/ROO/PortfolioRoo/context_portal/alembic confirmed to exist by Python.
2025-09-29 18:14:00,910 - INFO - context_portal_mcp.db.database - Running Alembic migrations for database: /Users/darrenraines/👽/ROO/PortfolioRoo/context_portal/context.db
2025-09-29 18:14:15,250 - INFO - context_portal_mcp.main - File logging configured to: /Users/darrenraines/👽/ROO/PortfolioRoo/context_portal/./logs/conport.log
2025-09-29 18:14:15,251 - INFO - context_portal_mcp.core.config - Database filename set to: context.db
2025-09-29 18:14:15,251 - INFO - context_portal_mcp.main - Using database filename: context.db
2025-09-29 18:14:15,251 - INFO - context_portal_mcp.main - Parsed CLI args: Namespace(host='127.0.0.1', port=8000, workspace_id='/Users/darrenraines/👽/ROO/PortfolioRoo', auto_detect_workspace=True, workspace_search_start=None, no_auto_detect=False, mode='stdio', log_file='./logs/conport.log', db_path=None, base_path=None, db_filename='context.db', log_level='INFO')
2025-09-29 18:14:15,251 - INFO - context_portal_mcp.main - Starting ConPort in STDIO mode with workspace detection enabled
2025-09-29 18:14:15,251 - INFO - context_portal_mcp.core.workspace_detector - Workspace detected by strong indicators: /Users/darrenraines/👽/ROO/PortfolioRoo
2025-09-29 18:14:15,251 - INFO - context_portal_mcp.main - Workspace detection details: {'start_path': '/Users/darrenraines/👽/ROO/PortfolioRoo', 'detected_workspace': '/Users/darrenraines/👽/ROO/PortfolioRoo', 'context_portal_path': '/Users/darrenraines/👽/ROO/PortfolioRoo/context_portal', 'detection_method': 'strong_indicators', 'indicators_found': ['.git'], 'environment_variables': {'VSCODE_WORKSPACE_FOLDER': None, 'CONPORT_WORKSPACE': None, 'PWD': '/Users/darrenraines/👽/ROO/PortfolioRoo', 'CWD': '/Users/darrenraines/👽/ROO/PortfolioRoo'}}
2025-09-29 18:14:15,251 - INFO - context_portal_mcp.main - Effective workspace ID: /Users/darrenraines/👽/ROO/PortfolioRoo
2025-09-29 18:14:15,251 - INFO - context_portal_mcp.main - Pre-warming database connection for workspace: /Users/darrenraines/👽/ROO/PortfolioRoo
2025-09-29 18:14:15,251 - INFO - context_portal_mcp.db.database - Alembic: Script directory /Users/darrenraines/👽/ROO/PortfolioRoo/context_portal/alembic confirmed to exist by Python.
2025-09-29 18:14:15,251 - INFO - context_portal_mcp.db.database - Running Alembic migrations for database: /Users/darrenraines/👽/ROO/PortfolioRoo/context_portal/context.db
2025-09-29 18:15:16,168 - INFO - context_portal_mcp.main - File logging configured to: /Users/darrenraines/👽/ROO/PortfolioRoo/context_portal/./logs/conport.log
2025-09-29 18:15:16,168 - INFO - context_portal_mcp.core.config - Database filename set to: context.db
2025-09-29 18:15:16,168 - INFO - context_portal_mcp.main - Using database filename: context.db
2025-09-29 18:15:16,168 - INFO - context_portal_mcp.main - Parsed CLI args: Namespace(host='127.0.0.1', port=8000, workspace_id='/Users/darrenraines/👽/ROO/PortfolioRoo', auto_detect_workspace=True, workspace_search_start=None, no_auto_detect=False, mode='stdio', log_file='./logs/conport.log', db_path=None, base_path=None, db_filename='context.db', log_level='INFO')
2025-09-29 18:15:16,168 - INFO - context_portal_mcp.main - Starting ConPort in STDIO mode with workspace detection enabled
2025-09-29 18:15:16,169 - INFO - context_portal_mcp.core.workspace_detector - Workspace detected by strong indicators: /Users/darrenraines/👽/ROO/PortfolioRoo
2025-09-29 18:15:16,169 - INFO - context_portal_mcp.main - Workspace detection details: {'start_path': '/Users/darrenraines/👽/ROO/PortfolioRoo', 'detected_workspace': '/Users/darrenraines/👽/ROO/PortfolioRoo', 'context_portal_path': '/Users/darrenraines/👽/ROO/PortfolioRoo/context_portal', 'detection_method': 'strong_indicators', 'indicators_found': ['.git'], 'environment_variables': {'VSCODE_WORKSPACE_FOLDER': None, 'CONPORT_WORKSPACE': None, 'PWD': '/Users/darrenraines/👽/ROO/PortfolioRoo', 'CWD': '/Users/darrenraines/👽/ROO/PortfolioRoo'}}
2025-09-29 18:15:16,169 - INFO - context_portal_mcp.main - Effective workspace ID: /Users/darrenraines/👽/ROO/PortfolioRoo
2025-09-29 18:15:16,169 - INFO - context_portal_mcp.main - Pre-warming database connection for workspace: /Users/darrenraines/👽/ROO/PortfolioRoo
2025-09-29 18:15:16,169 - INFO - context_portal_mcp.db.database - Alembic: Script directory /Users/darrenraines/👽/ROO/PortfolioRoo/context_portal/alembic confirmed to exist by Python.
2025-09-29 18:15:16,169 - INFO - context_portal_mcp.db.database - Running Alembic migrations for database: /Users/darrenraines/👽/ROO/PortfolioRoo/context_portal/context.db
2025-09-29 18:21:15,812 - INFO - context_portal_mcp.main - File logging configured to: /Users/darrenraines/👽/ROO/PortfolioRoo/context_portal/./logs/conport.log
2025-09-29 18:21:15,812 - INFO - context_portal_mcp.core.config - Database filename set to: context.db
2025-09-29 18:21:15,812 - INFO - context_portal_mcp.main - Using database filename: context.db
2025-09-29 18:21:15,812 - INFO - context_portal_mcp.main - Parsed CLI args: Namespace(host='127.0.0.1', port=8000, workspace_id='/Users/darrenraines/👽/ROO/PortfolioRoo', auto_detect_workspace=True, workspace_search_start=None, no_auto_detect=False, mode='stdio', log_file='./logs/conport.log', db_path=None, base_path=None, db_filename='context.db', log_level='INFO')
2025-09-29 18:21:15,812 - INFO - context_portal_mcp.main - Starting ConPort in STDIO mode with workspace detection enabled
2025-09-29 18:21:15,812 - INFO - context_portal_mcp.core.workspace_detector - Workspace detected by strong indicators: /Users/darrenraines/👽/ROO/PortfolioRoo
2025-09-29 18:21:15,812 - INFO - context_portal_mcp.main - Workspace detection details: {'start_path': '/Users/darrenraines/👽/ROO/PortfolioRoo', 'detected_workspace': '/Users/darrenraines/👽/ROO/PortfolioRoo', 'context_portal_path': '/Users/darrenraines/👽/ROO/PortfolioRoo/context_portal', 'detection_method': 'strong_indicators', 'indicators_found': ['.git'], 'environment_variables': {'VSCODE_WORKSPACE_FOLDER': None, 'CONPORT_WORKSPACE': None, 'PWD': '/Users/darrenraines/👽/ROO/PortfolioRoo', 'CWD': '/Users/darrenraines/👽/ROO/PortfolioRoo'}}
2025-09-29 18:21:15,812 - INFO - context_portal_mcp.main - Effective workspace ID: /Users/darrenraines/👽/ROO/PortfolioRoo
2025-09-29 18:21:15,812 - INFO - context_portal_mcp.main - Pre-warming database connection for workspace: /Users/darrenraines/👽/ROO/PortfolioRoo
2025-09-29 18:21:15,813 - INFO - context_portal_mcp.db.database - Alembic: Script directory /Users/darrenraines/👽/ROO/PortfolioRoo/context_portal/alembic confirmed to exist by Python.
2025-09-29 18:21:15,813 - INFO - context_portal_mcp.db.database - Running Alembic migrations for database: /Users/darrenraines/👽/ROO/PortfolioRoo/context_portal/context.db
2025-09-29 18:25:50,174 - INFO - context_portal_mcp.main - File logging configured to: /Users/darrenraines/👽/ROO/PortfolioRoo/context_portal/./logs/conport.log
2025-09-29 18:25:50,174 - INFO - context_portal_mcp.core.config - Database filename set to: context.db
2025-09-29 18:25:50,174 - INFO - context_portal_mcp.main - Using database filename: context.db
2025-09-29 18:25:50,174 - INFO - context_portal_mcp.main - Parsed CLI args: Namespace(host='127.0.0.1', port=8000, workspace_id='/Users/darrenraines/👽/ROO/PortfolioRoo', auto_detect_workspace=True, workspace_search_start=None, no_auto_detect=False, mode='stdio', log_file='./logs/conport.log', db_path=None, base_path=None, db_filename='context.db', log_level='INFO')
2025-09-29 18:25:50,174 - INFO - context_portal_mcp.main - Starting ConPort in STDIO mode with workspace detection enabled
2025-09-29 18:25:50,174 - INFO - context_portal_mcp.core.workspace_detector - Workspace detected by strong indicators: /Users/darrenraines/👽/ROO/PortfolioRoo
2025-09-29 18:25:50,174 - INFO - context_portal_mcp.main - Workspace detection details: {'start_path': '/Users/darrenraines/👽/ROO/PortfolioRoo/context_portal', 'detected_workspace': '/Users/darrenraines/👽/ROO/PortfolioRoo', 'context_portal_path': '/Users/darrenraines/👽/ROO/PortfolioRoo/context_portal', 'detection_method': 'strong_indicators', 'indicators_found': ['.git'], 'environment_variables': {'VSCODE_WORKSPACE_FOLDER': None, 'CONPORT_WORKSPACE': None, 'PWD': '/Users/darrenraines/👽/ROO/PortfolioRoo/context_portal', 'CWD': '/Users/darrenraines/👽/ROO/PortfolioRoo/context_portal'}}
2025-09-29 18:25:50,174 - INFO - context_portal_mcp.main - Effective workspace ID: /Users/darrenraines/👽/ROO/PortfolioRoo
2025-09-29 18:25:50,174 - INFO - context_portal_mcp.main - Pre-warming database connection for workspace: /Users/darrenraines/👽/ROO/PortfolioRoo
2025-09-29 18:25:50,175 - INFO - context_portal_mcp.db.database - Alembic: Script directory /Users/darrenraines/👽/ROO/PortfolioRoo/context_portal/alembic confirmed to exist by Python.
2025-09-29 18:25:50,175 - INFO - context_portal_mcp.db.database - Running Alembic migrations for database: /Users/darrenraines/👽/ROO/PortfolioRoo/context_portal/context.db
2025-09-29 18:27:06,115 - INFO - context_portal_mcp.main - File logging configured to: /Users/darrenraines/👽/ROO/PortfolioRoo/context_portal/./logs/conport.log
2025-09-29 18:27:06,116 - INFO - context_portal_mcp.core.config - Database filename set to: context.db
2025-09-29 18:27:06,116 - INFO - context_portal_mcp.main - Using database filename: context.db
2025-09-29 18:27:06,116 - INFO - context_portal_mcp.main - Parsed CLI args: Namespace(host='127.0.0.1', port=8000, workspace_id='/Users/darrenraines/👽/ROO/PortfolioRoo', auto_detect_workspace=True, workspace_search_start=None, no_auto_detect=False, mode='stdio', log_file='./logs/conport.log', db_path=None, base_path=None, db_filename='context.db', log_level='INFO')
2025-09-29 18:27:06,116 - INFO - context_portal_mcp.main - Starting ConPort in STDIO mode with workspace detection enabled
2025-09-29 18:27:06,116 - INFO - context_portal_mcp.core.workspace_detector - Workspace detected by strong indicators: /Users/darrenraines/👽/ROO/PortfolioRoo
2025-09-29 18:27:06,116 - INFO - context_portal_mcp.main - Workspace detection details: {'start_path': '/Users/darrenraines/👽/ROO/PortfolioRoo', 'detected_workspace': '/Users/darrenraines/👽/ROO/PortfolioRoo', 'context_portal_path': '/Users/darrenraines/👽/ROO/PortfolioRoo/context_portal', 'detection_method': 'strong_indicators', 'indicators_found': ['.git'], 'environment_variables': {'VSCODE_WORKSPACE_FOLDER': None, 'CONPORT_WORKSPACE': None, 'PWD': '/Users/darrenraines/👽/ROO/PortfolioRoo', 'CWD': '/Users/darrenraines/👽/ROO/PortfolioRoo'}}
2025-09-29 18:27:06,116 - INFO - context_portal_mcp.main - Effective workspace ID: /Users/darrenraines/👽/ROO/PortfolioRoo
2025-09-29 18:27:06,116 - INFO - context_portal_mcp.main - Pre-warming database connection for workspace: /Users/darrenraines/👽/ROO/PortfolioRoo
2025-09-29 18:27:06,117 - INFO - context_portal_mcp.db.database - Alembic: Script directory /Users/darrenraines/👽/ROO/PortfolioRoo/context_portal/alembic confirmed to exist by Python.
2025-09-29 18:27:06,117 - INFO - context_portal_mcp.db.database - Running Alembic migrations for database: /Users/darrenraines/👽/ROO/PortfolioRoo/context_portal/context.db
2025-09-29 18:29:03,526 - INFO - context_portal_mcp.main - File logging configured to: /Users/darrenraines/👽/ROO/PortfolioRoo/context_portal/./logs/conport.log
2025-09-29 18:29:03,526 - INFO - context_portal_mcp.core.config - Database filename set to: context.db
2025-09-29 18:29:03,526 - INFO - context_portal_mcp.main - Using database filename: context.db
2025-09-29 18:29:03,526 - INFO - context_portal_mcp.main - Parsed CLI args: Namespace(host='127.0.0.1', port=8000, workspace_id='/Users/darrenraines/👽/ROO/PortfolioRoo', auto_detect_workspace=True, workspace_search_start=None, no_auto_detect=False, mode='stdio', log_file='./logs/conport.log', db_path=None, base_path=None, db_filename='context.db', log_level='INFO')
2025-09-29 18:29:03,526 - INFO - context_portal_mcp.main - Starting ConPort in STDIO mode with workspace detection enabled
2025-09-29 18:29:03,526 - INFO - context_portal_mcp.core.workspace_detector - Workspace detected by strong indicators: /Users/darrenraines/👽/ROO/PortfolioRoo
2025-09-29 18:29:03,526 - INFO - context_portal_mcp.main - Workspace detection details: {'start_path': '/Users/darrenraines/👽/ROO/PortfolioRoo', 'detected_workspace': '/Users/darrenraines/👽/ROO/PortfolioRoo', 'context_portal_path': '/Users/darrenraines/👽/ROO/PortfolioRoo/context_portal', 'detection_method': 'strong_indicators', 'indicators_found': ['.git'], 'environment_variables': {'VSCODE_WORKSPACE_FOLDER': None, 'CONPORT_WORKSPACE': None, 'PWD': '/Users/darrenraines/👽/ROO/PortfolioRoo', 'CWD': '/Users/darrenraines/👽/ROO/PortfolioRoo'}}
2025-09-29 18:29:03,527 - INFO - context_portal_mcp.main - Effective workspace ID: /Users/darrenraines/👽/ROO/PortfolioRoo
2025-09-29 18:29:03,527 - INFO - context_portal_mcp.main - Pre-warming database connection for workspace: /Users/darrenraines/👽/ROO/PortfolioRoo
2025-09-29 18:29:03,527 - INFO - context_portal_mcp.db.database - Alembic: Script directory /Users/darrenraines/👽/ROO/PortfolioRoo/context_portal/alembic confirmed to exist by Python.
2025-09-29 18:29:03,527 - INFO - context_portal_mcp.db.database - Running Alembic migrations for database: /Users/darrenraines/👽/ROO/PortfolioRoo/context_portal/context.db
2025-09-29 18:35:50,699 - INFO - context_portal_mcp.main - File logging configured to: /Users/darrenraines/👽/ROO/PortfolioRoo/context_portal/./logs/conport.log
2025-09-29 18:35:50,700 - INFO - context_portal_mcp.core.config - Database filename set to: context.db
2025-09-29 18:35:50,700 - INFO - context_portal_mcp.main - Using database filename: context.db
2025-09-29 18:35:50,700 - INFO - context_portal_mcp.main - Parsed CLI args: Namespace(host='127.0.0.1', port=8000, workspace_id='/Users/darrenraines/👽/ROO/PortfolioRoo', auto_detect_workspace=True, workspace_search_start=None, no_auto_detect=False, mode='stdio', log_file='./logs/conport.log', db_path=None, base_path=None, db_filename='context.db', log_level='INFO')
2025-09-29 18:35:50,700 - INFO - context_portal_mcp.main - Starting ConPort in STDIO mode with workspace detection enabled
2025-09-29 18:35:50,700 - INFO - context_portal_mcp.core.workspace_detector - Workspace detected by strong indicators: /Users/darrenraines/👽/ROO/PortfolioRoo
2025-09-29 18:35:50,701 - INFO - context_portal_mcp.main - Workspace detection details: {'start_path': '/Users/darrenraines/👽/ROO/PortfolioRoo', 'detected_workspace': '/Users/darrenraines/👽/ROO/PortfolioRoo', 'context_portal_path': '/Users/darrenraines/👽/ROO/PortfolioRoo/context_portal', 'detection_method': 'strong_indicators', 'indicators_found': ['.git'], 'environment_variables': {'VSCODE_WORKSPACE_FOLDER': None, 'CONPORT_WORKSPACE': None, 'PWD': '/Users/darrenraines/👽/ROO/PortfolioRoo', 'CWD': '/Users/darrenraines/👽/ROO/PortfolioRoo'}}
2025-09-29 18:35:50,701 - INFO - context_portal_mcp.main - Effective workspace ID: /Users/darrenraines/👽/ROO/PortfolioRoo
2025-09-29 18:35:50,701 - INFO - context_portal_mcp.main - Pre-warming database connection for workspace: /Users/darrenraines/👽/ROO/PortfolioRoo
2025-09-29 18:35:50,701 - INFO - context_portal_mcp.db.database - Alembic: Script directory /Users/darrenraines/👽/ROO/PortfolioRoo/context_portal/alembic confirmed to exist by Python.
2025-09-29 18:35:50,701 - INFO - context_portal_mcp.db.database - Running Alembic migrations for database: /Users/darrenraines/👽/ROO/PortfolioRoo/context_portal/context.db
2025-10-22 16:55:04,275 - INFO - context_portal_mcp.main - File logging configured to: /Users/darrenraines/👽/ROO/PortfolioRoo/context_portal/./logs/conport.log
2025-10-22 16:55:04,275 - INFO - context_portal_mcp.core.config - Database filename set to: context.db
2025-10-22 16:55:04,275 - INFO - context_portal_mcp.main - Using database filename: context.db
2025-10-22 16:55:04,275 - INFO - context_portal_mcp.main - Parsed CLI args: Namespace(host='127.0.0.1', port=8000, workspace_id='/Users/darrenraines/👽/ROO/PortfolioRoo', auto_detect_workspace=True, workspace_search_start=None, no_auto_detect=False, mode='stdio', log_file='./logs/conport.log', db_path=None, base_path=None, db_filename='context.db', log_level='INFO')
2025-10-22 16:55:04,275 - INFO - context_portal_mcp.main - Starting ConPort in STDIO mode with workspace detection enabled
2025-10-22 16:55:04,276 - INFO - context_portal_mcp.core.workspace_detector - Workspace detected by strong indicators: /Users/darrenraines/👽/ROO/PortfolioRoo
2025-10-22 16:55:04,276 - INFO - context_portal_mcp.main - Workspace detection details: {'start_path': '/Users/darrenraines/👽/ROO/PortfolioRoo', 'detected_workspace': '/Users/darrenraines/👽/ROO/PortfolioRoo', 'context_portal_path': '/Users/darrenraines/👽/ROO/PortfolioRoo/context_portal', 'detection_method': 'strong_indicators', 'indicators_found': ['.git'], 'environment_variables': {'VSCODE_WORKSPACE_FOLDER': None, 'CONPORT_WORKSPACE': None, 'PWD': '/Users/darrenraines/👽/ROO/PortfolioRoo', 'CWD': '/Users/darrenraines/👽/ROO/PortfolioRoo'}}
2025-10-22 16:55:04,276 - INFO - context_portal_mcp.main - Effective workspace ID: /Users/darrenraines/👽/ROO/PortfolioRoo
2025-10-22 16:55:04,276 - INFO - context_portal_mcp.main - Pre-warming database connection for workspace: /Users/darrenraines/👽/ROO/PortfolioRoo
2025-10-22 16:55:04,277 - INFO - context_portal_mcp.db.database - Alembic: Script directory /Users/darrenraines/👽/ROO/PortfolioRoo/context_portal/alembic confirmed to exist by Python.
2025-10-22 16:55:04,277 - INFO - context_portal_mcp.db.database - Running Alembic migrations for database: /Users/darrenraines/👽/ROO/PortfolioRoo/context_portal/context.db
